 git branch dexter
 git checkout dexter (head will come to the dexter branch from the main branch)
 
 git push origin branchname -f (force push)
 
 git fetch --all --prune
 git reset --hard upstream/main
git pull upstream main






dexter@DESKTOP-0DL418O MINGW64 ~/Desktop
$ ls
'CopyTrans Control Center.lnk'*
'Data Structures'/
'Eclipse IDE for Enterprise Java and Web Developers - 2021-06.lnk'*
'Eclipse IDE for Java Developers - 2021-06.lnk'*
 Java/
'Kerela Diaries'/
 Postman.lnk*
 Screenshot_20211209-224732.png
 Spring/
'Spring Boot'/
'Visual Studio Code.lnk'*
 desktop.ini
 eway.pdf
 hello.txt

dexter@DESKTOP-0DL418O MINGW64 ~/Desktop
$ mkdir Project

dexter@DESKTOP-0DL418O MINGW64 ~/Desktop
$ mkdir GitHubTutorial

dexter@DESKTOP-0DL418O MINGW64 ~/Desktop
$ cd GitHubTutorial

dexter@DESKTOP-0DL418O MINGW64 ~/Desktop/GitHubTutorial
$ git init
Initialized empty Git repository in C:/Users/dexter/Desktop/GitHubTutorial/.git/

dexter@DESKTOP-0DL418O MINGW64 ~/Desktop/GitHubTutorial (master)
$ ls

dexter@DESKTOP-0DL418O MINGW64 ~/Desktop/GitHubTutorial (master)
$ ls -a
./  ../  .git/

dexter@DESKTOP-0DL418O MINGW64 ~/Desktop/GitHubTutorial (master)
$ ls .git
HEAD  config  description  hooks/  info/  objects/  refs/

dexter@DESKTOP-0DL418O MINGW64 ~/Desktop/GitHubTutorial (master)
$ touch tutorial.txt

dexter@DESKTOP-0DL418O MINGW64 ~/Desktop/GitHubTutorial (master)
$ git status
On branch master

No commits yet

Untracked files:
  (use "git add <file>..." to include in what will be committed)
        tutorial.txt

nothing added to commit but untracked files present (use "git add" to track)

dexter@DESKTOP-0DL418O MINGW64 ~/Desktop/GitHubTutorial (master)
$ git add .

dexter@DESKTOP-0DL418O MINGW64 ~/Desktop/GitHubTutorial (master)
$ git status
On branch master

No commits yet

Changes to be committed:
  (use "git rm --cached <file>..." to unstage)
        new file:   tutorial.txt

Untracked files:
  (use "git add <file>..." to include in what will be committed)
        tut.txt


dexter@DESKTOP-0DL418O MINGW64 ~/Desktop/GitHubTutorial (master)
$ git add tut.txt

dexter@DESKTOP-0DL418O MINGW64 ~/Desktop/GitHubTutorial (master)
$ git status
On branch master

No commits yet

Changes to be committed:
  (use "git rm --cached <file>..." to unstage)
        new file:   tut.txt
        new file:   tutorial.txt


dexter@DESKTOP-0DL418O MINGW64 ~/Desktop/GitHubTutorial (master)
$ git commit -m"First Commit"
Author identity unknown

*** Please tell me who you are.

Run

  git config --global user.email "you@example.com"
  git config --global user.name "Your Name"

to set your account's default identity.
Omit --global to set the identity only in this repository.

fatal: unable to auto-detect email address (got 'dexter@DESKTOP-0DL418O.(none)')

dexter@DESKTOP-0DL418O MINGW64 ~/Desktop/GitHubTutorial (master)
$ git comfig --global user.email "ankurgupta.pi@gmail.com"
git: 'comfig' is not a git command. See 'git --help'.

The most similar command is
        config

dexter@DESKTOP-0DL418O MINGW64 ~/Desktop/GitHubTutorial (master)
$

dexter@DESKTOP-0DL418O MINGW64 ~/Desktop/GitHubTutorial (master)
$ git config --global user.email "ankurgupta.pi@gmail.com"

dexter@DESKTOP-0DL418O MINGW64 ~/Desktop/GitHubTutorial (master)
$ git config --global user.name "Dexter-07"

dexter@DESKTOP-0DL418O MINGW64 ~/Desktop/GitHubTutorial (master)
$ git commit -m"First Commit"
[master (root-commit) fcf0682] First Commit
 2 files changed, 0 insertions(+), 0 deletions(-)
 create mode 100644 tut.txt
 create mode 100644 tutorial.txt

dexter@DESKTOP-0DL418O MINGW64 ~/Desktop/GitHubTutorial (master)
$ git status
On branch master
nothing to commit, working tree clean

dexter@DESKTOP-0DL418O MINGW64 ~/Desktop/GitHubTutorial (master)
$ vim

[1]+  Stopped                 vim

dexter@DESKTOP-0DL418O MINGW64 ~/Desktop/GitHubTutorial (master)
$ vim tutorial.txt

[2]+  Stopped                 vim tutorial.txt

dexter@DESKTOP-0DL418O MINGW64 ~/Desktop/GitHubTutorial (master)
$ git status
On branch master
Untracked files:
  (use "git add <file>..." to include in what will be committed)
        .tutorial.txt.swp

nothing added to commit but untracked files present (use "git add" to track)

dexter@DESKTOP-0DL418O MINGW64 ~/Desktop/GitHubTutorial (master)
$ vim tutorial.txt

dexter@DESKTOP-0DL418O MINGW64 ~/Desktop/GitHubTutorial (master)
$ git status
On branch master
Changes not staged for commit:
  (use "git add <file>..." to update what will be committed)
  (use "git restore <file>..." to discard changes in working directory)
        modified:   tutorial.txt

no changes added to commit (use "git add" and/or "git commit -a")

dexter@DESKTOP-0DL418O MINGW64 ~/Desktop/GitHubTutorial (master)
$ cat tutorial.txt
Welcome to Git tutorial


dexter@DESKTOP-0DL418O MINGW64 ~/Desktop/GitHubTutorial (master)
$ git add .
warning: LF will be replaced by CRLF in tutorial.txt.
The file will have its original line endings in your working directory

dexter@DESKTOP-0DL418O MINGW64 ~/Desktop/GitHubTutorial (master)
$ git status
On branch master
Changes to be committed:
  (use "git restore --staged <file>..." to unstage)
        modified:   tutorial.txt


dexter@DESKTOP-0DL418O MINGW64 ~/Desktop/GitHubTutorial (master)
$ git restore --staged tutorial.txt

dexter@DESKTOP-0DL418O MINGW64 ~/Desktop/GitHubTutorial (master)
$ git status
On branch master
Changes not staged for commit:
  (use "git add <file>..." to update what will be committed)
  (use "git restore <file>..." to discard changes in working directory)
        modified:   tutorial.txt

no changes added to commit (use "git add" and/or "git commit -a")

dexter@DESKTOP-0DL418O MINGW64 ~/Desktop/GitHubTutorial (master)
$ git add .
warning: LF will be replaced by CRLF in tutorial.txt.
The file will have its original line endings in your working directory

dexter@DESKTOP-0DL418O MINGW64 ~/Desktop/GitHubTutorial (master)
$ git ststua
git: 'ststua' is not a git command. See 'git --help'.

The most similar command is
        status

dexter@DESKTOP-0DL418O MINGW64 ~/Desktop/GitHubTutorial (master)
$ git ststus
git: 'ststus' is not a git command. See 'git --help'.

The most similar command is
        status

dexter@DESKTOP-0DL418O MINGW64 ~/Desktop/GitHubTutorial (master)
$ git status
On branch master
Changes to be committed:
  (use "git restore --staged <file>..." to unstage)
        modified:   tutorial.txt


dexter@DESKTOP-0DL418O MINGW64 ~/Desktop/GitHubTutorial (master)
$  git commit -m"tutorial.txt modified"
[master dcac690] tutorial.txt modified
 1 file changed, 2 insertions(+)

dexter@DESKTOP-0DL418O MINGW64 ~/Desktop/GitHubTutorial (master)
$ git log
commit dcac690bf80c43a24b17c048c72e049dd207fc81 (HEAD -> master)
Author: Dexter-07 <ankurgupta.pi@gmail.com>
Date:   Tue Feb 15 19:00:58 2022 +0530

    tutorial.txt modified

commit fcf0682b330cc9a30f10e2965ddf168b59379fa2
Author: Dexter-07 <ankurgupta.pi@gmail.com>
Date:   Tue Feb 15 18:53:06 2022 +0530

    First Commit

dexter@DESKTOP-0DL418O MINGW64 ~/Desktop/GitHubTutorial (master)
$ rm -rf tut.txt

dexter@DESKTOP-0DL418O MINGW64 ~/Desktop/GitHubTutorial (master)
$ git status
On branch master
Changes not staged for commit:
  (use "git add/rm <file>..." to update what will be committed)
  (use "git restore <file>..." to discard changes in working directory)
        deleted:    tut.txt

no changes added to commit (use "git add" and/or "git commit -a")

dexter@DESKTOP-0DL418O MINGW64 ~/Desktop/GitHubTutorial (master)
$ git add .

dexter@DESKTOP-0DL418O MINGW64 ~/Desktop/GitHubTutorial (master)
$ git status
On branch master
Changes to be committed:
  (use "git restore --staged <file>..." to unstage)
        deleted:    tut.txt


dexter@DESKTOP-0DL418O MINGW64 ~/Desktop/GitHubTutorial (master)
$ git commit -m"tut.txt deleted"
[master 378ebc3] tut.txt deleted
 1 file changed, 0 insertions(+), 0 deletions(-)
 delete mode 100644 tut.txt

dexter@DESKTOP-0DL418O MINGW64 ~/Desktop/GitHubTutorial (master)
$ git log
commit 378ebc310c20af4644c339eda593d8635b6ac2ad (HEAD -> master)
Author: Dexter-07 <ankurgupta.pi@gmail.com>
Date:   Tue Feb 15 19:03:44 2022 +0530

    tut.txt deleted

commit dcac690bf80c43a24b17c048c72e049dd207fc81
Author: Dexter-07 <ankurgupta.pi@gmail.com>
Date:   Tue Feb 15 19:00:58 2022 +0530

    tutorial.txt modified

commit fcf0682b330cc9a30f10e2965ddf168b59379fa2
Author: Dexter-07 <ankurgupta.pi@gmail.com>
Date:   Tue Feb 15 18:53:06 2022 +0530

    First Commit

dexter@DESKTOP-0DL418O MINGW64 ~/Desktop/GitHubTutorial (master)
$ git reset dcac690bf80c43a24b17c048c72e049dd207fc81
Unstaged changes after reset:
D       tut.txt

dexter@DESKTOP-0DL418O MINGW64 ~/Desktop/GitHubTutorial (master)
$ git log
commit dcac690bf80c43a24b17c048c72e049dd207fc81 (HEAD -> master)
Author: Dexter-07 <ankurgupta.pi@gmail.com>
Date:   Tue Feb 15 19:00:58 2022 +0530

    tutorial.txt modified

commit fcf0682b330cc9a30f10e2965ddf168b59379fa2
Author: Dexter-07 <ankurgupta.pi@gmail.com>
Date:   Tue Feb 15 18:53:06 2022 +0530

    First Commit

dexter@DESKTOP-0DL418O MINGW64 ~/Desktop/GitHubTutorial (master)
$ git status
On branch master
Changes not staged for commit:
  (use "git add/rm <file>..." to update what will be committed)
  (use "git restore <file>..." to discard changes in working directory)
        deleted:    tut.txt

no changes added to commit (use "git add" and/or "git commit -a")

dexter@DESKTOP-0DL418O MINGW64 ~/Desktop/GitHubTutorial (master)
$ git add .

dexter@DESKTOP-0DL418O MINGW64 ~/Desktop/GitHubTutorial (master)
$ git status
On branch master
Changes to be committed:
  (use "git restore --staged <file>..." to unstage)
        deleted:    tut.txt


dexter@DESKTOP-0DL418O MINGW64 ~/Desktop/GitHubTutorial (master)
$ touch surname.txt

dexter@DESKTOP-0DL418O MINGW64 ~/Desktop/GitHubTutorial (master)
$ git status
On branch master
Changes to be committed:
  (use "git restore --staged <file>..." to unstage)
        deleted:    tut.txt

Untracked files:
  (use "git add <file>..." to include in what will be committed)
        surname.txt


dexter@DESKTOP-0DL418O MINGW64 ~/Desktop/GitHubTutorial (master)
$ git add .

dexter@DESKTOP-0DL418O MINGW64 ~/Desktop/GitHubTutorial (master)
$ git status
On branch master
Changes to be committed:
  (use "git restore --staged <file>..." to unstage)
        renamed:    tut.txt -> surname.txt


dexter@DESKTOP-0DL418O MINGW64 ~/Desktop/GitHubTutorial (master)
$ ls
surname.txt  tutorial.txt

dexter@DESKTOP-0DL418O MINGW64 ~/Desktop/GitHubTutorial (master)
$ vim surname.txt

dexter@DESKTOP-0DL418O MINGW64 ~/Desktop/GitHubTutorial (master)
$ git status
On branch master
Changes to be committed:
  (use "git restore --staged <file>..." to unstage)
        renamed:    tut.txt -> surname.txt

Changes not staged for commit:
  (use "git add <file>..." to update what will be committed)
  (use "git restore <file>..." to discard changes in working directory)
        modified:   surname.txt


dexter@DESKTOP-0DL418O MINGW64 ~/Desktop/GitHubTutorial (master)
$ git add .
warning: LF will be replaced by CRLF in surname.txt.
The file will have its original line endings in your working directory

dexter@DESKTOP-0DL418O MINGW64 ~/Desktop/GitHubTutorial (master)
$ git status
On branch master
Changes to be committed:
  (use "git restore --staged <file>..." to unstage)
        new file:   surname.txt
        deleted:    tut.txt


dexter@DESKTOP-0DL418O MINGW64 ~/Desktop/GitHubTutorial (master)
$ git stash
Saved working directory and index state WIP on master: dcac690 tutorial.txt modified

dexter@DESKTOP-0DL418O MINGW64 ~/Desktop/GitHubTutorial (master)
$ git status
On branch master
nothing to commit, working tree clean

dexter@DESKTOP-0DL418O MINGW64 ~/Desktop/GitHubTutorial (master)
$ git stash pop
Removing tut.txt
On branch master
Changes to be committed:
  (use "git restore --staged <file>..." to unstage)
        new file:   surname.txt

Changes not staged for commit:
  (use "git add/rm <file>..." to update what will be committed)
  (use "git restore <file>..." to discard changes in working directory)
        deleted:    tut.txt

Dropped refs/stash@{0} (a77af62237113e6eb86eca9a1bf5e0574a6496c4)

dexter@DESKTOP-0DL418O MINGW64 ~/Desktop/GitHubTutorial (master)
$ git status
On branch master
Changes to be committed:
  (use "git restore --staged <file>..." to unstage)
        new file:   surname.txt

Changes not staged for commit:
  (use "git add/rm <file>..." to update what will be committed)
  (use "git restore <file>..." to discard changes in working directory)
        deleted:    tut.txt


dexter@DESKTOP-0DL418O MINGW64 ~/Desktop/GitHubTutorial (master)
$ git add .

dexter@DESKTOP-0DL418O MINGW64 ~/Desktop/GitHubTutorial (master)
$ git stash
Saved working directory and index state WIP on master: dcac690 tutorial.txt modified

dexter@DESKTOP-0DL418O MINGW64 ~/Desktop/GitHubTutorial (master)
$ git stash clear

dexter@DESKTOP-0DL418O MINGW64 ~/Desktop/GitHubTutorial (master)
$ git status
On branch master
nothing to commit, working tree clean

dexter@DESKTOP-0DL418O MINGW64 ~/Desktop/GitHubTutorial (master)
$ git remote add origin https://github.com/Dexter-07/GitHubTutorial

dexter@DESKTOP-0DL418O MINGW64 ~/Desktop/GitHubTutorial (master)
$ git remote -v
origin  https://github.com/Dexter-07/GitHubTutorial (fetch)
origin  https://github.com/Dexter-07/GitHubTutorial (push)

dexter@DESKTOP-0DL418O MINGW64 ~/Desktop/GitHubTutorial (master)
$ git push origin master
Enumerating objects: 6, done.
Counting objects: 100% (6/6), done.
Delta compression using up to 4 threads
Compressing objects: 100% (4/4), done.
Writing objects: 100% (6/6), 501 bytes | 167.00 KiB/s, done.
Total 6 (delta 0), reused 0 (delta 0), pack-reused 0
To https://github.com/Dexter-07/GitHubTutorial
 * [new branch]      master -> master

dexter@DESKTOP-0DL418O MINGW64 ~/Desktop/GitHubTutorial (master)
$ git log
commit dcac690bf80c43a24b17c048c72e049dd207fc81 (HEAD -> master, origin/master)
Author: Dexter-07 <ankurgupta.pi@gmail.com>
Date:   Tue Feb 15 19:00:58 2022 +0530

    tutorial.txt modified

commit fcf0682b330cc9a30f10e2965ddf168b59379fa2
Author: Dexter-07 <ankurgupta.pi@gmail.com>
Date:   Tue Feb 15 18:53:06 2022 +0530

    First Commit

dexter@DESKTOP-0DL418O MINGW64 ~/Desktop/GitHubTutorial (master)
$ git remote -v
origin  https://github.com/Dexter-07/GitHubTutorial (fetch)
origin  https://github.com/Dexter-07/GitHubTutorial (push)

dexter@DESKTOP-0DL418O MINGW64 ~/Desktop/GitHubTutorial (master)
$  git status
On branch master
nothing to commit, working tree clean

dexter@DESKTOP-0DL418O MINGW64 ~/Desktop/GitHubTutorial (master)
$ git log
commit dcac690bf80c43a24b17c048c72e049dd207fc81 (HEAD -> master, origin/master)
Author: Dexter-07 <ankurgupta.pi@gmail.com>
Date:   Tue Feb 15 19:00:58 2022 +0530

    tutorial.txt modified

commit fcf0682b330cc9a30f10e2965ddf168b59379fa2
Author: Dexter-07 <ankurgupta.pi@gmail.com>
Date:   Tue Feb 15 18:53:06 2022 +0530

    First Commit

dexter@DESKTOP-0DL418O MINGW64 ~/Desktop/GitHubTutorial (master)
$ cd..
bash: cd..: command not found

dexter@DESKTOP-0DL418O MINGW64 ~/Desktop/GitHubTutorial (master)
$

dexter@DESKTOP-0DL418O MINGW64 ~/Desktop/GitHubTutorial (master)
$ ^C





dexter@DESKTOP-0DL418O MINGW64 ~/Desktop
$ git clone https://github.com/Dexter-07/Java.git
Cloning into 'Java'...
remote: Enumerating objects: 7187, done.
remote: Counting objects: 100% (3419/3419), done.
remote: Compressing objects: 100% (1102/1102), done.
remote: Total 7187 (delta 2458), reused 2747 (delta 2173), pack-reused 3768
Receiving objects: 100% (7187/7187), 2.63 MiB | 793.00 KiB/s, done.
Resolving deltas: 100% (3787/3787), done.
Updating files: 100% (413/413), done.

dexter@DESKTOP-0DL418O MINGW64 ~/Desktop
$ git cd java
git: 'cd' is not a git command. See 'git --help'.

The most similar command is
        add

dexter@DESKTOP-0DL418O MINGW64 ~/Desktop
$ cd Java

dexter@DESKTOP-0DL418O MINGW64 ~/Desktop/Java (master)
$ git remote add upstream https://github.com/TheAlgorithms/Java

dexter@DESKTOP-0DL418O MINGW64 ~/Desktop/Java (master)
$ git remote -v
origin  https://github.com/Dexter-07/Java.git (fetch)
origin  https://github.com/Dexter-07/Java.git (push)
upstream        https://github.com/TheAlgorithms/Java (fetch)
upstream        https://github.com/TheAlgorithms/Java (push)

dexter@DESKTOP-0DL418O MINGW64 ~/Desktop/Java (master)
$
